  Determining projects to restore...
  All projects are up-to-date for restore.
  Nfty.Core -> M:\Repositories\nfty\src\Nfty.Core\bin\Debug\net10.0\Nfty.Core.dll
  Nfty.App -> M:\Repositories\nfty\src\Nfty.App\bin\Debug\net10.0\Nfty.App.dll
  Nfty.Desktop -> M:\Repositories\nfty\src\Nfty.Desktop\bin\Debug\net10.0\Nfty.Desktop.dll

Build succeeded.
    0 Warning(s)
    0 Error(s)

Time Elapsed 00:00:04.63
